Using ../../Input_Files/2D_Systems/input_G20.in and ../../Input_Files/Input_Free_Flow_Channel/input_free_flow_channel_prescribed_Vn_2p0.in  as input file 
[==========] Running 1 test from 1 test case.
[----------] Global test environment set-up.
[----------] 1 test from RunSystem
[ RUN      ] RunSystem.HandlesRunSystem
Reading Gmsh file from: ../../Meshes/Free_Rectangle/rectangle.msh
Creating Systems.....
value of epsilon 1e-06
Done creating systems.....
****************Mesh Info*************
 #dim 2, #Cells 9801, boundary indicators: 50(198times)102(99times)103(99times), hanging nodes: False, vertices: 10000
************************************
Distributing dof 
#Dofs 509652
Assembling
**************Using Odd boundary implementation****************
Preparing data for pardiso 
Symbolic Factorization

Reordering completed ... Numerical Factorization

Factorization completed ... 
Solving the system 
<<<<<<<<<<<<<<<<<<<<<<<<<<<<<<<<<<<<<<<<<Error Details>>>>>>>>>>>>>>>>>>>>>>>>>>>>>>>>>>>>>>>>>
L2_error: 2.362728e+00, Linf_error: 1.465524e+00, #DOF: 509652, #Cells 9801, #Residual 1.586039e-15  
<<<<<<<<<<<<<<<<<<<<<<<<<<<<<Error Details>>>>>>>>>>>>>>>>>>>>>>>>>>>>>>>>>


+---------------------------------------------+------------+------------+
| Total wallclock time elapsed since start    |       559s |            |
|                                             |            |            |
| Section                         | no. calls |  wall time | % of total |
+---------------------------------+-----------+------------+------------+
| Assembly                        |         1 |        12s |       2.2% |
| Dof Distribution                |         1 |      14.8s |       2.7% |
| Linear Solver                   |         1 |       499s |        89% |
| Post Processing                 |         1 |        33s |       5.9% |
+---------------------------------+-----------+------------+------------+

[       OK ] RunSystem.HandlesRunSystem (559283 ms)
[----------] 1 test from RunSystem (559283 ms total)

[----------] Global test environment tear-down
[==========] 1 test from 1 test case ran. (559285 ms total)
[  PASSED  ] 1 test.

  YOU HAVE 2 DISABLED TESTS

Results 0
