perl: warning: Setting locale failed.
perl: warning: Please check that your locale settings:
	LANGUAGE = (unset),
	LC_ALL = (unset),
	LC_CTYPE = "UTF-8",
	LANG = "en_US.UTF-8"
    are supported and installed on your system.
perl: warning: Falling back to the standard locale ("C").
LSB_JOBINDEX: 2
./test.out: symbol lookup error: /opt/MPI/openmpi-1.10.4/linux/intel_16.0.2.181/lib/libmpi.so.12: undefined symbol: opal_timer_base_get_usec
perl: warning: Setting locale failed.
perl: warning: Please check that your locale settings:
	LANGUAGE = (unset),
	LC_ALL = (unset),
	LC_CTYPE = "UTF-8",
	LANG = "en_US.UTF-8"
    are supported and installed on your system.
perl: warning: Falling back to the standard locale ("C").
LSB_JOBINDEX: 4
./test.out: symbol lookup error: /opt/MPI/openmpi-1.10.4/linux/intel_16.0.2.181/lib/libmpi.so.12: undefined symbol: opal_timer_base_get_usec
perl: warning: Setting locale failed.
perl: warning: Please check that your locale settings:
	LANGUAGE = (unset),
	LC_ALL = (unset),
	LC_CTYPE = "UTF-8",
	LANG = "en_US.UTF-8"
    are supported and installed on your system.
perl: warning: Falling back to the standard locale ("C").
LSB_JOBINDEX: 1
./test.out: symbol lookup error: /opt/MPI/openmpi-1.10.4/linux/intel_16.0.2.181/lib/libmpi.so.12: undefined symbol: opal_timer_base_get_usec
perl: warning: Setting locale failed.
perl: warning: Please check that your locale settings:
	LANGUAGE = (unset),
	LC_ALL = (unset),
	LC_CTYPE = "UTF-8",
	LANG = "en_US.UTF-8"
    are supported and installed on your system.
perl: warning: Falling back to the standard locale ("C").
LSB_JOBINDEX: 3
./test.out: symbol lookup error: /opt/MPI/openmpi-1.10.4/linux/intel_16.0.2.181/lib/libmpi.so.12: undefined symbol: opal_timer_base_get_usec
